
C:\Users\korni\Social-Network\social-network>set containerName=mymysqlcontainer 

C:\Users\korni\Social-Network\social-network>set imageName=mymysqlimage 

C:\Users\korni\Social-Network\social-network>REM Sprawdzenie, czy kontener o podanej nazwie juÅ¼ istnieje 

C:\Users\korni\Social-Network\social-network>docker build -t mymysqlimage . 
failed to get console mode for stdout: The handle is invalid.
[1A[1B[0G[?25l[+] Building 0.0s (0/1)                                                         
[?25h[1A[0G[?25l[+] Building 0.1s (7/7) FINISHED                                                
[34m => [internal] load build definition from Dockerfile                       0.0s
[0m[34m => => transferring dockerfile: 32B                                        0.0s
[0m[34m => [internal] load .dockerignore                                          0.0s
[0m[34m => => transferring context: 2B                                            0.0s
[0m[34m => [internal] load metadata for docker.io/library/mysql:latest            0.0s
[0m[34m => [internal] load build context                                          0.0s
[0m[34m => => transferring context: 29B                                           0.0s
[0m[34m => [1/2] FROM docker.io/library/mysql:latest                              0.0s
[0m[34m => CACHED [2/2] COPY ./init.sql /docker-entrypoint-initdb.d/              0.0s
[0m[34m => exporting to image                                                     0.0s
[0m[34m => => exporting layers                                                    0.0s
[0m[34m => => writing image sha256:163be3e693cd3a7de0a068380d5f5852b8d75f5250d51  0.0s
[0m[34m => => naming to docker.io/library/mymysqlimage                            0.0s
[0m[?25h
C:\Users\korni\Social-Network\social-network>REM Tworzenie kontenera z obrazu 

C:\Users\korni\Social-Network\social-network>docker run -d --name mymysqlcontainer -p 3306:3306 mymysqlimage 
cd3275c30caf813565d3cad1b7c6ff25bc63a69444adc8541adca44b77fb384b

C:\Users\korni\Social-Network\social-network>REM WyÅ›wietlenie listy uruchomionych kontenerÃ³w 

C:\Users\korni\Social-Network\social-network>docker ps 
CONTAINER ID   IMAGE          COMMAND                  CREATED        STATUS                  PORTS                               NAMES
cd3275c30caf   mymysqlimage   "docker-entrypoint.sâ€¦"   1 second ago   Up Less than a second   0.0.0.0:3306->3306/tcp, 33060/tcp   mymysqlcontainer
